
Running 1 test using 1 worker

[1A[2K[1/1] [chromium] ΓÇ║ tests\e2e\complete-flow.spec.ts:68:7 ΓÇ║ DriverOS Complete Flow ΓÇ║ Direct Full Audit path
[1A[2K  1) [chromium] ΓÇ║ tests\e2e\complete-flow.spec.ts:68:7 ΓÇ║ DriverOS Complete Flow ΓÇ║ Direct Full Audit path 

    TimeoutError: locator.click: Timeout 10000ms exceeded.
    Call log:
    [2m  - waiting for getByRole('button', { name: 'Complete Full Audit' })[22m


       at helpers\page-objects.ts:95

      93 |
      94 |   async submit() {
    > 95 |     await this.submitButton.click()
         |                             ^
      96 |   }
      97 | }
      98 |
        at FullAuditPage.submit (E:\kiro projects\driveros_kiro_pack\tests\e2e\helpers\page-objects.ts:95:29)
        at E:\kiro projects\driveros_kiro_pack\tests\e2e\complete-flow.spec.ts:79:25

    Error Context: test-results\complete-flow-DriverOS-Complete-Flow-Direct-Full-Audit-path-chromium\error-context.md


[1A[2K  1 failed
    [chromium] ΓÇ║ tests\e2e\complete-flow.spec.ts:68:7 ΓÇ║ DriverOS Complete Flow ΓÇ║ Direct Full Audit path 

[36m  Serving HTML report at http://localhost:56873. Press Ctrl+C to quit.[39m
